{
  "@type": "projects:Accept",
  "date": "2016-07-25T18:18:13",
  "description": "I accepted it because...",
  "sameAs": "https://www.reutilitza.cat/projects/events/123456"
}